// Jest Snapshot v1, https://goo.gl/fbAQLP

exports[`media api getting media by id handles 404 error 1`] = `"Request failed with status code 404"`;
